// Jest Snapshot v1, https://goo.gl/fbAQLP

exports[`Modal component should render correctly 1`] = `
<div>
  <div
    class="modal active__modal"
  >
    <form
      class="modal__content active__modal"
    >
      <div
        class="form-input"
      >
        <label
          for="country"
        >
          Country
          <select
            data-testid="country"
            id="country"
            name="country"
          >
            <option
              label="Select a country ... "
              value=""
            >
              Select a country ...
            </option>
            <option
              label="United States"
              value="US"
            >
              United States
            </option>
            <option
              label="Russia"
              value="RU"
            >
              Russia
            </option>
            <option
              label="United Kingdom"
              value="GB"
            >
              United Kingdom
            </option>
            <option
              label="Germany"
              value="DE"
            >
              Germany
            </option>
            <option
              label="France"
              value="FR"
            >
              France
            </option>
          </select>
        </label>
      </div>
      <div
        class="form-input"
      >
        <label
          for="city"
        >
          City
          <input
            id="city"
            max=""
            pattern="[A-Za-z]+"
            title="Must contain only letters"
            type="text"
            value=""
          />
          <span
            class="city-error"
          >
            City is not valid
          </span>
        </label>
      </div>
      <div
        class="form-input"
      >
        <label
          for="postalCode"
        >
          Postal Code
          <input
            id="postalCode"
            max=""
            pattern=".*"
            title="Must be a valid postal code of a selected country"
            type="text"
            value=""
          />
          <span
            class="postalCode-error"
          >
            Invalid Postal Code
          </span>
        </label>
      </div>
      <div
        class="form-input"
      >
        <label
          for="streetName"
        >
          Street name
          <input
            id="streetName"
            max=""
            pattern=".*"
            title="Must contain more than 1 character"
            type="text"
            value=""
          />
          <span
            class="streetName-error"
          >
            Less than 1 character
          </span>
        </label>
      </div>
      <button
        class="btn__save"
        disabled=""
        type="submit"
      >
        save 
        <svg
          fill="currentColor"
          height="1em"
          stroke="currentColor"
          stroke-width="0"
          viewBox="0 0 448 512"
          width="1em"
          xmlns="http://www.w3.org/2000/svg"
        >
          <path
            d="M433.941 129.941l-83.882-83.882A48 48 0 0 0 316.118 32H48C21.49 32 0 53.49 0 80v352c0 26.51 21.49 48 48 48h352c26.51 0 48-21.49 48-48V163.882a48 48 0 0 0-14.059-33.941zM272 80v80H144V80h128zm122 352H54a6 6 0 0 1-6-6V86a6 6 0 0 1 6-6h42v104c0 13.255 10.745 24 24 24h176c13.255 0 24-10.745 24-24V83.882l78.243 78.243a6 6 0 0 1 1.757 4.243V426a6 6 0 0 1-6 6zM224 232c-48.523 0-88 39.477-88 88s39.477 88 88 88 88-39.477 88-88-39.477-88-88-88zm0 128c-22.056 0-40-17.944-40-40s17.944-40 40-40 40 17.944 40 40-17.944 40-40 40z"
          />
        </svg>
      </button>
    </form>
  </div>
</div>
`;
